[    0.000000] Initializing cgroup subsys cpuset
[    0.000000] Initializing cgroup subsys cpu
[    0.000000] Initializing cgroup subsys cpuacct
[    0.000000] Linux version 4.4.0-176-generic (buildd@lgw01-amd64-035) (gcc version 5.4.0 20160609 (Ubuntu 5.4.0-6ubuntu1~16.04.12) ) #206-Ubuntu SMP Fri Feb 28 05:02:04 UTC 2020 (Ubuntu 4.4.0-176.206-generic 4.4.211)
[    0.000000] Command line: BOOT_IMAGE=/boot/vmlinuz-4.4.0-176-generic root=LABEL=cloudimg-rootfs ro console=tty1 console=ttyS0
[    0.000000] KERNEL supported cpus:
[    0.000000]   Intel GenuineIntel
[    0.000000]   AMD AuthenticAMD
[    0.000000]   Centaur CentaurHauls
[    0.000000] x86/fpu: xstate_offset[2]:  576, xstate_sizes[2]:  256
[    0.000000] x86/fpu: Supporting XSAVE feature 0x01: 'x87 floating point registers'
[    0.000000] x86/fpu: Supporting XSAVE feature 0x02: 'SSE registers'
[    0.000000] x86/fpu: Supporting XSAVE feature 0x04: 'AVX registers'
[    0.000000] x86/fpu: Enabled xstate features 0x7, context size is 832 bytes, using 'standard' format.
[    0.000000] e820: BIOS-provided physical RAM map:
[    0.000000] BIOS-e820: [mem 0x0000000000000000-0x000000000009fbff] usable
[    0.000000] BIOS-e820: [mem 0x000000000009fc00-0x000000000009ffff] reserved
[    0.000000] BIOS-e820: [mem 0x00000000000f0000-0x00000000000fffff] reserved
[    0.000000] BIOS-e820: [mem 0x0000000000100000-0x000000003ffeffff] usable
[    0.000000] BIOS-e820: [mem 0x000000003fff0000-0x000000003fffffff] ACPI data
[    0.000000] BIOS-e820: [mem 0x00000000fec00000-0x00000000fec00fff] reserved
[    0.000000] BIOS-e820: [mem 0x00000000fee00000-0x00000000fee00fff] reserved
[    0.000000] BIOS-e820: [mem 0x00000000fffc0000-0x00000000ffffffff] reserved
[    0.000000] NX (Execute Disable) protection: active
[    0.000000] SMBIOS 2.5 present.
[    0.000000] Hypervisor detected: KVM
[    0.000000] e820: last_pfn = 0x3fff0 max_arch_pfn = 0x400000000
[    0.000000] MTRR: Disabled
[    0.000000] x86/PAT: MTRRs disabled, skipping PAT initialization too.
[    0.000000] CPU MTRRs all blank - virtualized system.
[    0.000000] x86/PAT: Configuration [0-7]: WB  WT  UC- UC  WB  WT  UC- UC  
[    0.000000] found SMP MP-table at [mem 0x0009fff0-0x0009ffff] mapped at [ffff88000009fff0]
[    0.000000] Scanning 1 areas for low memory corruption
[    0.000000] RAMDISK: [mem 0x362e2000-0x37168fff]
[    0.000000] ACPI: Early table checksum verification disabled
[    0.000000] ACPI: RSDP 0x00000000000E0000 000024 (v02 VBOX  )
[    0.000000] ACPI: XSDT 0x000000003FFF0030 00003C (v01 VBOX   VBOXXSDT 00000001 ASL  00000061)
[    0.000000] ACPI: FACP 0x000000003FFF00F0 0000F4 (v04 VBOX   VBOXFACP 00000001 ASL  00000061)
[    0.000000] ACPI: DSDT 0x000000003FFF0470 002325 (v02 VBOX   VBOXBIOS 00000002 INTL 20100528)
[    0.000000] ACPI: FACS 0x000000003FFF0200 000040
[    0.000000] ACPI: FACS 0x000000003FFF0200 000040
[    0.000000] ACPI: APIC 0x000000003FFF0240 00005C (v02 VBOX   VBOXAPIC 00000001 ASL  00000061)
[    0.000000] ACPI: SSDT 0x000000003FFF02A0 0001CC (v01 VBOX   VBOXCPUT 00000002 INTL 20100528)
[    0.000000] No NUMA configuration found
[    0.000000] Faking a node at [mem 0x0000000000000000-0x000000003ffeffff]
[    0.000000] NODE_DATA(0) allocated [mem 0x3ffeb000-0x3ffeffff]
[    0.000000] kvm-clock: Using msrs 4b564d01 and 4b564d00
[    0.000000] kvm-clock: cpu 0, msr 0:3ffe3001, primary cpu clock
[    0.000000] kvm-clock: using sched offset of 24794814034 cycles
[    0.000000] clocksource: kvm-clock: mask: 0xffffffffffffffff max_cycles: 0x1cd42e4dffb, max_idle_ns: 881590591483 ns
[    0.000000] Zone ranges:
[    0.000000]   DMA      [mem 0x0000000000001000-0x0000000000ffffff]
[    0.000000]   DMA32    [mem 0x0000000001000000-0x000000003ffeffff]
[    0.000000]   Normal   empty
[    0.000000]   Device   empty
[    0.000000] Movable zone start for each node
[    0.000000] Early memory node ranges
[    0.000000]   node   0: [mem 0x0000000000001000-0x000000000009efff]
[    0.000000]   node   0: [mem 0x0000000000100000-0x000000003ffeffff]
[    0.000000] Initmem setup node 0 [mem 0x0000000000001000-0x000000003ffeffff]
[    0.000000] ACPI: PM-Timer IO Port: 0x4008
[    0.000000] IOAPIC[0]: apic_id 2, version 32, address 0xfec00000, GSI 0-23
[    0.000000] ACPI: INT_SRC_OVR (bus 0 bus_irq 0 global_irq 2 dfl dfl)
[    0.000000] ACPI: INT_SRC_OVR (bus 0 bus_irq 9 global_irq 9 low level)
[    0.000000] Using ACPI (MADT) for SMP configuration information
[    0.000000] smpboot: Allowing 2 CPUs, 0 hotplug CPUs
[    0.000000] PM: Registered nosave memory: [mem 0x00000000-0x00000fff]
[    0.000000] PM: Registered nosave memory: [mem 0x0009f000-0x0009ffff]
[    0.000000] PM: Registered nosave memory: [mem 0x000a0000-0x000effff]
[    0.000000] PM: Registered nosave memory: [mem 0x000f0000-0x000fffff]
[    0.000000] e820: [mem 0x40000000-0xfebfffff] available for PCI devices
[    0.000000] Booting paravirtualized kernel on KVM
[    0.000000] clocksource: refined-jiffies: mask: 0xffffffff max_cycles: 0xffffffff, max_idle_ns: 7645519600211568 ns
[    0.000000] setup_percpu: NR_CPUS:512 nr_cpumask_bits:512 nr_cpu_ids:2 nr_node_ids:1
[    0.000000] PERCPU: Embedded 33 pages/cpu @ffff88003fc00000 s95448 r8192 d31528 u1048576
[    0.000000] Built 1 zonelists in Node order, mobility grouping on.  Total pages: 257912
[    0.000000] Policy zone: DMA32
[    0.000000] Kernel command line: BOOT_IMAGE=/boot/vmlinuz-4.4.0-176-generic root=LABEL=cloudimg-rootfs ro console=tty1 console=ttyS0
[    0.000000] PID hash table entries: 4096 (order: 3, 32768 bytes)
[    0.000000] Memory: 997676K/1048120K available (8626K kernel code, 1336K rwdata, 4032K rodata, 1488K init, 1292K bss, 50444K reserved, 0K cma-reserved)
[    0.000000] SLUB: HWalign=64, Order=0-3, MinObjects=0, CPUs=2, Nodes=1
[    0.000000] Kernel/User page tables isolation: enabled
[    0.000000] Hierarchical RCU implementation.
[    0.000000] 	Build-time adjustment of leaf fanout to 64.
[    0.000000] 	RCU restricting CPUs from NR_CPUS=512 to nr_cpu_ids=2.
[    0.000000] RCU: Adjusting geometry for rcu_fanout_leaf=64, nr_cpu_ids=2
[    0.000000] NR_IRQS:33024 nr_irqs:440 16
[    0.000000] Console: colour VGA+ 80x25
[    0.000000] console [tty1] enabled
[    0.000000] console [ttyS0] enabled
[    0.000000] tsc: Detected 1599.999 MHz processor
[    3.369634] Calibrating delay loop (skipped) preset value.. 3199.99 BogoMIPS (lpj=6399996)
[    3.536203] pid_max: default: 32768 minimum: 301
[    3.555004] ACPI: Core revision 20150930
[    3.575674] ACPI: 2 ACPI AML tables successfully acquired and loaded
[    3.639485] Security Framework initialized
[    3.666733] Yama: becoming mindful.
[    3.674563] AppArmor: AppArmor initialized
[    3.700226] Dentry cache hash table entries: 131072 (order: 8, 1048576 bytes)
[    3.788646] Inode-cache hash table entries: 65536 (order: 7, 524288 bytes)
[    3.841195] Mount-cache hash table entries: 2048 (order: 2, 16384 bytes)
[    3.901161] Mountpoint-cache hash table entries: 2048 (order: 2, 16384 bytes)
[    3.939577] Initializing cgroup subsys io
[    3.963754] Initializing cgroup subsys memory
[    3.972576] Initializing cgroup subsys devices
[    4.026971] Initializing cgroup subsys freezer
[    4.040035] Initializing cgroup subsys net_cls
[    4.075993] Initializing cgroup subsys perf_event
[    4.108920] Initializing cgroup subsys net_prio
[    4.137688] Initializing cgroup subsys hugetlb
[    4.149567] Initializing cgroup subsys pids
[    4.207774] mce: CPU supports 0 MCE banks
[    4.234160] Last level iTLB entries: 4KB 64, 2MB 8, 4MB 8
[    4.257317] Last level dTLB entries: 4KB 64, 2MB 0, 4MB 0, 1GB 4
[    4.274896] Spectre V1 : Mitigation: usercopy/swapgs barriers and __user pointer sanitization
[    4.370201] Spectre V2 : Mitigation: Full generic retpoline
[    4.405624] Spectre V2 : Spectre v2 / SpectreRSB mitigation: Filling RSB on context switch
[    4.435078] Speculative Store Bypass: Vulnerable
[    4.440105] MDS: Mitigation: Clear CPU buffers
[    4.476001] Freeing SMP alternatives memory: 36K
[    4.538655] ftrace: allocating 32305 entries in 127 pages
[    5.357979] smpboot: APIC(0) Converting physical 0 to logical package 0
[    5.372453] smpboot: Max logical packages: 1
[    5.377754] x2apic enabled
[    5.392437] Switched APIC routing to physical x2apic.
[    5.403849] ..TIMER: vector=0x30 apic1=0 pin1=2 apic2=-1 pin2=-1
[    5.592275] APIC calibration not consistent with PM-Timer: 96ms instead of 100ms
[    5.601169] APIC delta adjusted to PM-Timer: 6285994 (6044620)
[    5.621849] smpboot: CPU0: Intel(R) Core(TM) i5-5250U CPU @ 1.60GHz (family: 0x6, model: 0x3d, stepping: 0x4)
[    5.640891] Performance Events: unsupported p6 CPU model 61 no PMU driver, software events only.
[    5.735038] KVM setup paravirtual spinlock
[    5.764292] x86: Booting SMP configuration:
[    5.826865] .... node  #0, CPUs:      #1
[    5.863758] kvm-clock: cpu 1, msr 0:3ffe3041, secondary cpu clock
[    5.869677] mce: CPU supports 0 MCE banks
[    5.902614] x86: Booted up 1 node, 2 CPUs
[    5.925740] smpboot: Total of 2 processors activated (6399.99 BogoMIPS)
[    5.967976] devtmpfs: initialized
[    5.989895] evm: security.selinux
[    5.997486] evm: security.SMACK64
[    6.000526] evm: security.SMACK64EXEC
[    6.003566] evm: security.SMACK64TRANSMUTE
[    6.029719] evm: security.SMACK64MMAP
[    6.078202] evm: security.ima
[    6.175738] evm: security.capability
[    6.264017] clocksource: jiffies: mask: 0xffffffff max_cycles: 0xffffffff, max_idle_ns: 7645041785100000 ns
[    6.304338] futex hash table entries: 512 (order: 3, 32768 bytes)
[    6.344256] pinctrl core: initialized pinctrl subsystem
[    6.373553] RTC time: 11:33:40, date: 04/23/20
[    6.394340] NET: Registered protocol family 16
[    6.424505] cpuidle: using governor ladder
[    6.463430] cpuidle: using governor menu
[    6.474437] PCCT header not found.
[    6.477184] ACPI: bus type PCI registered
[    6.509182] acpiphp: ACPI Hot Plug PCI Controller Driver version: 0.5
[    6.576407] PCI: Using configuration type 1 for base access
[    6.664975] ACPI: Added _OSI(Module Device)
[    6.675063] ACPI: Added _OSI(Processor Device)
[    6.695666] ACPI: Added _OSI(3.0 _SCP Extensions)
[    6.735014] ACPI: Added _OSI(Processor Aggregator Device)
[    6.769322] ACPI: Executed 1 blocks of module-level executable AML code
[    6.806268] ACPI: Interpreter enabled
[    6.841340] ACPI: (supports S0 S5)
[    6.858231] ACPI: Using IOAPIC for interrupt routing
[    6.873940] PCI: Using host bridge windows from ACPI; if necessary, use "pci=nocrs" and report a bug
[    6.958564] ACPI: PCI Root Bridge [PCI0] (domain 0000 [bus 00-ff])
[    6.986103] acpi PNP0A03:00: _OSC: OS supports [ASPM ClockPM Segments MSI]
[    7.068906] acpi PNP0A03:00: _OSC: not requesting OS control; OS requires [ExtendedConfig ASPM ClockPM MSI]
[    7.162985] acpi PNP0A03:00: fail to add MMCONFIG information, can't access extended PCI configuration space under this bridge.
[    7.239861] PCI host bridge to bus 0000:00
[    7.259126] pci_bus 0000:00: root bus resource [io  0x0000-0x0cf7 window]
[    7.279012] pci_bus 0000:00: root bus resource [io  0x0d00-0xffff window]
[    7.336405] pci_bus 0000:00: root bus resource [mem 0x000a0000-0x000bffff window]
[    7.375164] pci_bus 0000:00: root bus resource [mem 0x40000000-0xfdffffff window]
[    7.408943] pci_bus 0000:00: root bus resource [bus 00-ff]
[    7.450505] pci 0000:00:01.1: legacy IDE quirk: reg 0x10: [io  0x01f0-0x01f7]
[    7.581634] pci 0000:00:01.1: legacy IDE quirk: reg 0x14: [io  0x03f6]
[    7.624347] pci 0000:00:01.1: legacy IDE quirk: reg 0x18: [io  0x0170-0x0177]
[    7.635869] pci 0000:00:01.1: legacy IDE quirk: reg 0x1c: [io  0x0376]
[    7.747795] pci 0000:00:07.0: quirk: [io  0x4000-0x403f] claimed by PIIX4 ACPI
[    7.777569] pci 0000:00:07.0: quirk: [io  0x4100-0x410f] claimed by PIIX4 SMB
[    7.886131] ACPI: PCI Interrupt Link [LNKA] (IRQs 5 9 10 *11)
[    7.900021] ACPI: PCI Interrupt Link [LNKB] (IRQs 5 9 *10 11)
[    7.912887] ACPI: PCI Interrupt Link [LNKC] (IRQs 5 *9 10 11)
[    7.939700] ACPI: PCI Interrupt Link [LNKD] (IRQs 5 9 10 *11)
[    7.945864] ACPI: Enabled 2 GPEs in block 00 to 07
[    7.967699] vgaarb: setting as boot device: PCI:0000:00:02.0
[    7.971043] vgaarb: device added: PCI:0000:00:02.0,decodes=io+mem,owns=io+mem,locks=none
[    8.000810] vgaarb: loaded
[    8.004664] vgaarb: bridge control possible 0000:00:02.0
[    8.030698] SCSI subsystem initialized
[    8.033619] ACPI: bus type USB registered
[    8.041243] usbcore: registered new interface driver usbfs
[    8.044964] usbcore: registered new interface driver hub
[    8.062716] usbcore: registered new device driver usb
[    8.080451] PCI: Using ACPI for IRQ routing
[    8.095393] NetLabel: Initializing
[    8.101131] NetLabel:  domain hash size = 128
[    8.106737] NetLabel:  protocols = UNLABELED CIPSOv4
[    8.116309] NetLabel:  unlabeled traffic allowed by default
[    8.130772] amd_nb: Cannot enumerate AMD northbridges
[    8.134496] clocksource: Switched to clocksource kvm-clock
[    8.217901] AppArmor: AppArmor Filesystem Enabled
[    8.239446] pnp: PnP ACPI init
[    8.269750] pnp: PnP ACPI: found 3 devices
[    8.303631] clocksource: acpi_pm: mask: 0xffffff max_cycles: 0xffffff, max_idle_ns: 2085701024 ns
[    8.372688] NET: Registered protocol family 2
[    8.394989] TCP established hash table entries: 8192 (order: 4, 65536 bytes)
[    8.436788] TCP bind hash table entries: 8192 (order: 5, 131072 bytes)
[    8.464357] TCP: Hash tables configured (established 8192 bind 8192)
[    8.510612] UDP hash table entries: 512 (order: 2, 16384 bytes)
[    8.531379] UDP-Lite hash table entries: 512 (order: 2, 16384 bytes)
[    8.559650] NET: Registered protocol family 1
[    8.569743] pci 0000:00:00.0: Limiting direct PCI/PCI transfers
[    8.594905] pci 0000:00:01.0: Activating ISA DMA hang workarounds
[    8.609705] Unpacking initramfs...
[   10.752753] Freeing initrd memory: 14876K
[   10.771706] RAPL PMU detected, API unit is 2^-32 Joules, 4 fixed counters 10737418240 ms ovfl timer
[   10.914208] hw unit of domain pp0-core 2^-0 Joules
[   10.930659] hw unit of domain package 2^-0 Joules
[   10.942378] hw unit of domain dram 2^-0 Joules
[   10.965989] hw unit of domain pp1-gpu 2^-0 Joules
[   10.976435] clocksource: tsc: mask: 0xffffffffffffffff max_cycles: 0x171023f09ff, max_idle_ns: 440795233615 ns
[   11.007604] platform rtc_cmos: registered platform RTC device (no PNP device found)
[   11.016065] Scanning for low memory corruption every 60 seconds
[   11.054329] audit: initializing netlink subsys (disabled)
[   11.115553] audit: type=2000 audit(1587641644.773:1): initialized
[   11.171695] Initialise system trusted keyring
[   11.182322] HugeTLB registered 2 MB page size, pre-allocated 0 pages
[   11.206181] zbud: loaded
[   11.211533] VFS: Disk quotas dquot_6.6.0
[   11.223688] VFS: Dquot-cache hash table entries: 512 (order 0, 4096 bytes)
[   11.253691] squashfs: version 4.0 (2009/01/31) Phillip Lougher
[   11.333213] fuse init (API version 7.23)
[   11.345379] Key type big_key registered
[   11.380003] Allocating IMA MOK and blacklist keyrings.
[   11.471959] Key type asymmetric registered
[   11.478315] Asymmetric key parser 'x509' registered
[   11.517026] Block layer SCSI generic (bsg) driver version 0.4 loaded (major 249)
[   11.571091] io scheduler noop registered
[   11.578989] io scheduler deadline registered (default)
[   11.610809] io scheduler cfq registered
[   11.620553] pci_hotplug: PCI Hot Plug PCI Core version: 0.5
[   11.639069] pciehp: PCI Express Hot Plug Controller Driver version: 0.4
[   11.663407] ACPI: AC Adapter [AC] (on-line)
[   11.676741] input: Power Button as /devices/LNXSYSTM:00/LNXPWRBN:00/input/input0
[   11.800736] ACPI: Power Button [PWRF]
[   11.876566] input: Sleep Button as /devices/LNXSYSTM:00/LNXSLPBN:00/input/input1
[   11.932942] ACPI: Sleep Button [SLPF]
[   11.938480] GHES: HEST is not enabled!
[   11.941906] ACPI: Battery Slot [BAT0] (battery present)
[   11.990294] Serial: 8250/16550 driver, 32 ports, IRQ sharing enabled
[   12.095671] 00:02: ttyS0 at I/O 0x3f8 (irq = 4, base_baud = 115200) is a 16550A
[   12.147756] Linux agpgart interface v0.103
[   12.307221] loop: module loaded
[   12.346003] scsi host0: ata_piix
[   12.401686] scsi host1: ata_piix
[   12.412012] ata1: PATA max UDMA/33 cmd 0x1f0 ctl 0x3f6 bmdma 0xd000 irq 14
[   12.436295] ata2: PATA max UDMA/33 cmd 0x170 ctl 0x376 bmdma 0xd008 irq 15
[   12.466290] libphy: Fixed MDIO Bus: probed
[   12.477137] tun: Universal TUN/TAP device driver, 1.6
[   12.513054] tun: (C) 1999-2004 Max Krasnyansky <maxk@qualcomm.com>
[   12.650793] PPP generic driver version 2.4.2
[   12.673975] ehci_hcd: USB 2.0 'Enhanced' Host Controller (EHCI) Driver
[   12.736329] ehci-pci: EHCI PCI platform driver
[   12.740302] ehci-platform: EHCI generic platform driver
[   12.747617] ohci_hcd: USB 1.1 'Open' Host Controller (OHCI) Driver
[   12.762742] ohci-pci: OHCI PCI platform driver
[   12.769357] ohci-platform: OHCI generic platform driver
[   12.775136] uhci_hcd: USB Universal Host Controller Interface driver
[   12.797219] i8042: PNP: PS/2 Controller [PNP0303:PS2K,PNP0f03:PS2M] at 0x60,0x64 irq 1,12
[   12.847904] serio: i8042 KBD port at 0x60,0x64 irq 1
[   12.880100] serio: i8042 AUX port at 0x60,0x64 irq 12
[   12.901631] mousedev: PS/2 mouse device common for all mice
[   12.914101] rtc_cmos rtc_cmos: rtc core: registered rtc_cmos as rtc0
[   13.010964] rtc_cmos rtc_cmos: alarms up to one day, 114 bytes nvram
[   13.112809] i2c /dev entries driver
[   13.133970] device-mapper: uevent: version 1.0.3
[   13.146876] input: AT Translated Set 2 keyboard as /devices/platform/i8042/serio0/input/input2
[   13.240407] device-mapper: ioctl: 4.34.0-ioctl (2015-10-28) initialised: dm-devel@redhat.com
[   13.305282] ledtrig-cpu: registered to indicate activity on CPUs
[   13.344361] NET: Registered protocol family 10
[   13.351130] NET: Registered protocol family 17
[   13.367930] Key type dns_resolver registered
[   13.385687] registered taskstats version 1
[   13.402013] Loading compiled-in X.509 certificates
[   13.414566] Loaded X.509 cert 'Build time autogenerated kernel key: c2b7431ed9258328a3a0cf301f850647788d8e61'
[   13.582038] zswap: loaded using pool lzo/zbud
[   13.683398] Key type trusted registered
[   13.742269] Key type encrypted registered
[   13.744875] AppArmor: AppArmor sha1 policy hashing enabled
[   13.753547] ima: No TPM chip found, activating TPM-bypass!
[   13.802386] ima: Allocated hash algorithm: sha1
[   13.814038] evm: HMAC attrs: 0x1
[   13.886269]   Magic number: 0:910:580
[   13.917929] rtc_cmos rtc_cmos: setting system clock to 2020-04-23 11:33:47 UTC (1587641627)
[   13.969932] BIOS EDD facility v0.16 2004-Jun-25, 0 devices found
[   13.985148] EDD information not available.
[   14.008498] Freeing unused kernel memory: 1488K
[   14.051436] Write protecting the kernel read-only data: 14336k
[   14.110289] Freeing unused kernel memory: 1604K
[   14.129045] Freeing unused kernel memory: 64K
Loading, please wait...
starting version 229
[   14.380272] random: systemd-udevd: uninitialized urandom read (16 bytes read, 7 bits of entropy available)
[   14.381421] random: udevadm: uninitialized urandom read (16 bytes read, 7 bits of entropy available)
[   14.381464] random: udevadm: uninitialized urandom read (16 bytes read, 7 bits of entropy available)
[   14.414005] random: udevadm: uninitialized urandom read (16 bytes read, 7 bits of entropy available)
[   14.414098] random: udevadm: uninitialized urandom read (16 bytes read, 7 bits of entropy available)
[   14.414378] random: udevadm: uninitialized urandom read (16 bytes read, 7 bits of entropy available)
[   14.414488] random: udevadm: uninitialized urandom read (16 bytes read, 7 bits of entropy available)
[   14.414586] random: udevadm: uninitialized urandom read (16 bytes read, 7 bits of entropy available)
[   14.414767] random: udevadm: uninitialized urandom read (16 bytes read, 7 bits of entropy available)
[   14.415030] random: udevadm: uninitialized urandom read (16 bytes read, 7 bits of entropy available)
[   15.376705] e1000: Intel(R) PRO/1000 Network Driver - version 7.3.21-k8-NAPI
[   15.409131] e1000: Copyright (c) 1999-2006 Intel Corporation.
[   15.445447] Fusion MPT base driver 3.04.20
[   15.451335] Copyright (c) 1999-2008 LSI Corporation
[   15.765600] Fusion MPT SPI Host driver 3.04.20
[   15.983644] input: ImExPS/2 Generic Explorer Mouse as /devices/platform/i8042/serio1/input/input4
[   16.449178] AVX2 version of gcm_enc/dec engaged.
[   16.456778] AES CTR mode by8 optimization enabled
[   19.010122] e1000 0000:00:03.0 eth0: (PCI:33MHz:32-bit) 02:0a:da:58:a4:e2
[   19.016626] e1000 0000:00:03.0 eth0: Intel(R) PRO/1000 Network Connection
[   19.035587] mptbase: ioc0: Initiating bringup
[   19.391251] ioc0: LSI53C1030 A0: Capabilities={Initiator}
[   21.343524] scsi host2: ioc0: LSI53C1030 A0, FwRev=00000000h, Ports=1, MaxQ=256, IRQ=20
[   22.979983] scsi 2:0:0:0: Direct-Access     VBOX     HARDDISK         1.0  PQ: 0 ANSI: 5
[   22.989575] scsi target2:0:0: Beginning Domain Validation
[   23.008452] scsi target2:0:0: Domain Validation skipping write tests
[   23.044354] scsi target2:0:0: Ending Domain Validation
[   23.050821] scsi target2:0:0: asynchronous
[   23.077473] scsi 2:0:1:0: Direct-Access     VBOX     HARDDISK         1.0  PQ: 0 ANSI: 5
[   23.105096] scsi target2:0:1: Beginning Domain Validation
[   23.138426] scsi target2:0:1: Domain Validation skipping write tests
[   23.148072] scsi target2:0:1: Ending Domain Validation
[   23.154350] scsi target2:0:1: asynchronous
[   23.212778] sd 2:0:0:0: [sda] 20971520 512-byte logical blocks: (10.7 GB/10.0 GiB)
[   23.230875] sd 2:0:0:0: Attached scsi generic sg0 type 0
[   23.249596] sd 2:0:0:0: [sda] Write Protect is off
[   23.256970] sd 2:0:0:0: [sda] Incomplete mode parameter data
[   23.263238] sd 2:0:0:0: [sda] Assuming drive cache: write through
[   23.275146] sd 2:0:1:0: [sdb] 20480 512-byte logical blocks: (10.5 MB/10.0 MiB)
[   23.295018] sd 2:0:1:0: Attached scsi generic sg1 type 0
[   23.434905] sd 2:0:1:0: [sdb] Write Protect is off
[   23.443406] sd 2:0:1:0: [sdb] Incomplete mode parameter data
[   23.475348] sd 2:0:1:0: [sdb] Assuming drive cache: write through
[   23.514519]  sda: sda1
[   23.528444] sd 2:0:0:0: [sda] Attached SCSI disk
[   23.646271] sd 2:0:1:0: [sdb] Attached SCSI disk
[   25.672901] e1000 0000:00:08.0 eth1: (PCI:33MHz:32-bit) 08:00:27:3d:0c:44
[   25.682666] e1000 0000:00:08.0 eth1: Intel(R) PRO/1000 Network Connection
[   25.702740] e1000 0000:00:08.0 enp0s8: renamed from eth1
[   25.736090] e1000 0000:00:03.0 enp0s3: renamed from eth0
Begin: Loading essential drivers ... [   29.586904] md: linear personality registered for level -1
[   29.616308] md: multipath personality registered for level -4
[   29.632180] md: raid0 personality registered for level 0
[   29.664544] md: raid1 personality registered for level 1
[   29.774515] raid6: sse2x1   gen()  2199 MB/s
[   29.846568] raid6: sse2x1   xor()  1271 MB/s
[   29.914739] raid6: sse2x2   gen()  2090 MB/s
[   29.983352] raid6: sse2x2   xor()  2489 MB/s
[   30.055425] raid6: sse2x4   gen()  3069 MB/s
[   30.130929] raid6: sse2x4   xor()  1147 MB/s
[   30.217294] raid6: avx2x1   gen()   868 MB/s
[   30.314664] raid6: avx2x2   gen()  2680 MB/s
[   30.390561] raid6: avx2x4   gen()  3622 MB/s
[   30.394799] raid6: using algorithm avx2x4 gen() 3622 MB/s
[   30.413385] raid6: using avx2x2 recovery algorithm
[   30.440286] xor: automatically using best checksumming function:
[   30.499175]    avx       : 10757.000 MB/sec
[   30.527274] async_tx: api initialized (async)
[   30.722463] md: raid6 personality registered for level 6
[   30.795622] md: raid5 personality registered for level 5
[   30.801645] md: raid4 personality registered for level 4
[   30.923789] md: raid10 personality registered for level 10
done.
Begin: Running /scripts/init-premount ... done.
Begin: Mounting root file system ... Begin: Running /scripts/local-top ... done.
Begin: Running /scripts/local-premount ... [   31.224017] Btrfs loaded
Scanning for Btrfs filesystems
done.
Warning: fsck not present, so skipping root file system
[   31.480607] EXT4-fs (sda1): mounted filesystem with ordered data mode. Opts: (null)
done.
Begin: Running /scripts/local-bottom ... done.
Begin: Running /scripts/init-bottom ... [   31.949228] random: nonblocking pool is initialized
done.
[   32.678170] systemd[1]: systemd 229 running in system mode. (+PAM +AUDIT +SELINUX +IMA +APPARMOR +SMACK +SYSVINIT +UTMP +LIBCRYPTSETUP +GCRYPT +GNUTLS +ACL +XZ -LZ4 +SECCOMP +BLKID +ELFUTILS +KMOD -IDN)
[   32.703154] systemd[1]: Detected virtualization oracle.
[   32.708724] systemd[1]: Detected architecture x86-64.

Welcome to [1mUbuntu 16.04.6 LTS[0m!

[   32.749566] systemd[1]: Set hostname to <ubuntu-xenial>.
[   34.266020] systemd[1]: Listening on Journal Socket (/dev/log).
[[0;32m  OK  [0m] Listening on Journal Socket (/dev/log).
[   34.303439] systemd[1]: Reached target Encrypted Volumes.
[[0;32m  OK  [0m] Reached target Encrypted Volumes.
[   34.332825] systemd[1]: Reached target Swap.
[[0;32m  OK  [0m] Reached target Swap.
[   34.351720] systemd[1]: Listening on udev Kernel Socket.
[[0;32m  OK  [0m] Listening on udev Kernel Socket.
[   34.369553] systemd[1]: Listening on Syslog Socket.
[[0;32m  OK  [0m] Listening on Syslog Socket.
[   34.390877] systemd[1]: Started Forward Password Requests to Wall Directory Watch.
[[0;32m  OK  [0m] Started Forward Password Requests to Wall Directory Watch.
[   34.425048] systemd[1]: Started Trigger resolvconf update for networkd DNS.
[[0;32m  OK  [0m] Started Trigger resolvconf update for networkd DNS.
[   34.478638] systemd[1]: Listening on /dev/initctl Compatibility Named Pipe.
[[0;32m  OK  [0m] Listening on /dev/initctl Compatibility Named Pipe.
[   34.534591] systemd[1]: Listening on LVM2 metadata daemon socket.
[[0;32m  OK  [0m] Listening on LVM2 metadata daemon socket.
[   34.586210] systemd[1]: Listening on Journal Socket.
[[0;32m  OK  [0m] Listening on Journal Socket.
[   34.635862] systemd[1]: Reached target System Time Synchronized.
[[0;32m  OK  [0m] Reached target System Time Synchronized.
[   34.706495] systemd[1]: Created slice User and Session Slice.
[[0;32m  OK  [0m] Created slice User and Session Slice.
[   34.736752] systemd[1]: Listening on Journal Audit Socket.
[[0;32m  OK  [0m] Listening on Journal Audit Socket.
[   34.774054] systemd[1]: Created slice System Slice.
[[0;32m  OK  [0m] Created slice System Slice.
[   34.863559] systemd[1]: Mounting Debug File System...
         Mounting Debug File System...
[   34.904779] systemd[1]: Starting Uncomplicated firewall...
         Starting Uncomplicated firewall...
[   34.970026] systemd[1]: Starting Create list of required static device nodes for the current kernel...
         Starting Create list of required st... nodes for the current kernel...
[   35.103154] systemd[1]: Starting Load Kernel Modules...
         Starting Load Kernel Modules...
[   35.125878] systemd[1]: Mounting Huge Pages File System...
         Mounting Huge Pages File System...
[   35.159463] systemd[1]: Starting Nameserver information manager...
         Starting Nameserver information manager...
[   35.298788] systemd[1]: Reached target Slices.
[[0;32m  OK  [[   35.337681] Loading iSCSI transport class v2.0-870.
0m] Reached target Slices.
[   35.411112] systemd[1]: Created slice system-serial\x2dgetty.slice.
[[0;32m  OK  [0m] Created slice system-serial\x2dgetty.slice.
[   35.456068] systemd[1]: Starting Journal Service...
         Starting Journal Service...
[   35.474412] iscsi: registered transport (tcp)
[   35.510051] systemd[1]: Reached target User and Group Name Lookups.
[[0;32m  OK  [0m] Reached target User and Group Name Lookups.
[   35.550631] systemd[1]: Mounting POSIX Message Queue File System...
         Mounting POSIX Message Queue File System...
[   35.640490] systemd[1]: Starting Set console keymap...
         Starting Set console keymap...
[   35.728282] systemd[1]: Starting Remount Root and Kernel File Systems...
         Starting Remount Root and Kernel File Systems...
[   35.795936] systemd[1]: Listening on udev Control Socket.
[[0;32m  OK  [0m] Listening on udev Control Socket.
[   36.054338] EXT4-fs (sda1): re-mounted. Opts: (null)
[   36.088295] systemd[1]: Listening on Device-mapper event daemon FIFOs.
[[0;32m  OK  [0m] Listening on Device-mapper event daemon FIFOs.
[   36.202138] systemd[1]: Starting Monitoring of LVM2 mirrors, snapshots etc. using dmeventd or progress polling...
         Starting Monitoring of LVM2 mirrors... dmeventd or progress polling...
[   36.276384] systemd[1]: Set up automount Arbitrary Executable File Formats File System Automount Point.
[[0;32m  OK  [0m] Set up automount Arbitrary Executab...ats File System Automount Point.
[   36.334397] systemd[1]: Listening on LVM2 poll daemon socket.
[[0;32m  OK  [0m] Listening on LVM2 poll daemon socket.
[   36.373374] iscsi: registered transport (iser)
[   36.394568] systemd[1]: Mounted POSIX Message Queue File System.
[[0;32m  OK  [0m] Mounted POSIX Message Queue File System.
[   36.419966] systemd[1]: Mounted Huge Pages File System.
[[0;32m  OK  [0m] Mounted Huge Pages File System.
[   36.496708] systemd[1]: Mounted Debug File System.
[[0;32m  OK  [0m] Mounted Debug File System.
[   36.572412] systemd[1]: Started Journal Service.
[[0;32m  OK  [0m] Started Journal Service.
[[0;32m  OK  [0m] Started Uncomplicated firewall.
[[0;32m  OK  [0m] Started Create list of required sta...ce nodes for the current kernel.
[[0;32m  OK  [0m] Started Load Kernel Modules.
[[0;32m  OK  [0m] Started Set console keymap.
[[0;32m  OK  [0m] Started Remount Root and Kernel File Systems.
[[0;32m  OK  [0m] Started Nameserver information manager.
[[0;32m  OK  [0m] Started LVM2 metadata daemon.
         Starting udev Coldplug all Devices...
         Starting Load/Save Random Seed...
         Mounting FUSE Control File System...
         Starting Apply Kernel Variables...
         Starting Create Static Device Nodes in /dev...
         Starting Flush Journal to Persistent Storage...
[[0;32m  OK  [0m] Mounted FUSE Control File System.
[[0;32m  OK  [0m] Started Load/Save Random Seed.
[   37.259530] systemd-journald[388]: Received request to flush runtime journal from PID 1
[[0;32m  OK  [0m] Started Apply Kernel Variables.
[[0;32m  OK  [0m] Started Flush Journal to Persistent Storage.
[[0;32m  OK  [0m] Started Monitoring of LVM2 mirrors,...ng dmeventd or progress polling.
[[0;32m  OK  [0m] Started Create Static Device Nodes in /dev.
[[0;32m  OK  [0m] Reached target Local File Systems (Pre).
[[0;32m  OK  [0m] Reached target Local File Systems.
         Starting Set console font and keymap...
         Starting Initial cloud-init job (pre-networking)...
         Starting Tell Plymouth To Write Out Runtime Data...
         Starting Create Volatile Files and Directories...
         Starting LSB: AppArmor initialization...
         Starting udev Kernel Device Manager...
[[0;32m  OK  [0m] Started udev Coldplug all Devices.
[[0;32m  OK  [0m] Started Tell Plymouth To Write Out Runtime Data.
[[0;32m  OK  [0m] Started Create Volatile Files and Directories.
         Starting Update UTMP about System Boot/Shutdown...
[[0;32m  OK  [0m] Started Update UTMP about System Boot/Shutdown.
[[0;32m  OK  [0m] Started udev Kernel Device Manager.
[[0;32m  OK  [0m] Started Dispatch Password Requests to Console Directory Watch.
[[0;32m  OK  [0m] Started LSB: AppArmor initialization.
[[0;32m  OK  [0m] Found device /dev/ttyS0.
[[0;32m  OK  [0m] Started Set console font and keymap.
[[0;32m  OK  [0m] Listening on Load/Save RF Kill Switch Status /dev/rfkill Watch.
[[0;32m  OK  [0m] Created slice system-getty.slice.
[[0;32m  OK  [0m] Found device 82540EM Gigabit Ethern...r (PRO/1000 MT Desktop Adapter).
[[0;32m  OK  [0m] Found device 82540EM Gigabit Ethern...r (PRO/1000 MT Desktop Adapter).
[   45.024470] cloud-init[468]: Cloud-init v. 19.4-33-gbb4131a2-0ubuntu1~16.04.1 running 'init-local' at Thu, 23 Apr 2020 11:34:21 +0000. Up 41.35 seconds.
[[0;32m  OK  [0m] Started Initial cloud-init job (pre-networking).
[[0;32m  OK  [0m] Reached target Network (Pre).
         Starting Raise network interfaces...
[[0;32m  OK  [0m] Started ifup for enp0s3.
[[0;32m  OK  [0m] Started ifup for enp0s8.
[[0;32m  OK  [0m] Started Raise network interfaces.
[[0;32m  OK  [0m] Reached target Network.
         Starting Initial cloud-init job (metadata service crawler)...
[   54.113549] cloud-init[1093]: Cloud-init v. 19.4-33-gbb4131a2-0ubuntu1~16.04.1 running 'init' at Thu, 23 Apr 2020 11:34:30 +0000. Up 49.77 seconds.
[   54.185923] cloud-init[1093]: ci-info: ++++++++++++++++++++++++++++++++++++++Net device info++++++++++++++++++++++++++++++++++++++
[   54.200404] cloud-init[1093]: ci-info: +--------+------+----------------------------+---------------+--------+-------------------+
[   54.249685] cloud-init[1093]: ci-info: | Device |  Up  |          Address           |      Mask     | Scope  |     Hw-Address    |
[   54.277896] cloud-init[1093]: ci-info: +--------+------+----------------------------+---------------+--------+-------------------+
[   54.305839] cloud-init[1093]: ci-info: | enp0s3 | True |         10.0.2.15          | 255.255.255.0 | global | 02:0a:da:58:a4:e2 |
[   54.332650] cloud-init[1093]: ci-info: | enp0s3 | True | fe80::a:daff:fe58:a4e2/64  |       .       |  link  | 02:0a:da:58:a4:e2 |
[   54.362068] cloud-init[1093]: ci-info: | enp0s8 | True |       192.168.10.150       | 255.255.255.0 | global | 08:00:27:3d:0c:44 |
[   54.387467] cloud-init[1093]: ci-info: | enp0s8 | True | fe80::a00:27ff:fe3d:c44/64 |       .       |  link  | 08:00:27:3d:0c:44 |
[   54.416626] cloud-init[1093]: ci-info: |   lo   | True |         127.0.0.1          |   255.0.0.0   |  host  |         .         |
[   54.431398] cloud-init[1093]: ci-info: |   lo   | True |          ::1/128           |       .       |  host  |         .         |
[   54.473651] cloud-init[1093]: ci-info: +--------+------+----------------------------+---------------+--------+-------------------+
[   54.482986] cloud-init[1093]: ci-info: ++++++++++++++++++++++++++++Route IPv4 info++++++++++++++++++++++++++++
[   54.487759] cloud-init[1093]: ci-info: +-------+--------------+----------+---------------+-----------+-------+
[   54.515001] cloud-init[1093]: ci-info: | Route | Destination  | Gateway  |    Genmask    | Interface | Flags |
[   54.524787] cloud-init[1093]: ci-info: +-------+--------------+----------+---------------+-----------+-------+
[   54.564864] cloud-init[1093]: ci-info: |   0   |   0.0.0.0    | 10.0.2.2 |    0.0.0.0    |   enp0s3  |   UG  |
[   54.585764] cloud-init[1093]: ci-info: |   1   |   10.0.2.0   | 0.0.0.0  | 255.255.255.0 |   enp0s3  |   U   |
[   54.596637] cloud-init[1093]: ci-info: |   2   | 192.168.10.0 | 0.0.0.0  | 255.255.255.0 |   enp0s8  |   U   |
[   54.629536] cloud-init[1093]: ci-info: +-------+--------------+----------+---------------+-----------+-------+
[   54.651796] cloud-init[1093]: ci-info: +++++++++++++++++++Route IPv6 info+++++++++++++++++++
[   54.657573] cloud-init[1093]: ci-info: +-------+-------------+---------+-----------+-------+
[   54.665874] cloud-init[1093]: ci-info: | Route | Destination | Gateway | Interface | Flags |
[   54.672530] cloud-init[1093]: ci-info: +-------+-------------+---------+-----------+-------+
[   54.698832] cloud-init[1093]: ci-info: |   0   |  fe80::/64  |    ::   |   enp0s8  |   U   |
[   54.703949] cloud-init[1093]: ci-info: |   1   |  fe80::/64  |    ::   |   enp0s3  |   U   |
[   54.718623] cloud-init[1093]: ci-info: |   6   |   ff00::/8  |    ::   |   enp0s8  |   U   |
[   54.728754] cloud-init[1093]: ci-info: |   7   |   ff00::/8  |    ::   |   enp0s3  |   U   |
[   54.753363] cloud-init[1093]: ci-info: +-------+-------------+---------+-----------+-------+
[[0;32m  OK  [0m] Started Initial cloud-init job (metadata service crawler).
[[0;32m  OK  [0m] Reached target Network is Online.
         Starting iSCSI initiator daemon (iscsid)...
[[0;32m  OK  [0m] Reached target Cloud-config availability.
[[0;32m  OK  [0m] Reached target System Initialization.
[[0;32m  OK  [0m] Started ACPI Events Check.
[[0;32m  OK  [0m] Reached target Paths.
[[0;32m  OK  [0m] Listening on D-Bus System Message Bus Socket.
         Starting Socket activation for snappy daemon.
[[0;32m  OK  [0m] Listening on ACPID Listen Socket.
[[0;32m  OK  [0m] Started Daily apt download activities.
[[0;32m  OK  [0m] Listening on UUID daemon activation socket.
[[0;32m  OK  [0m] Started Message of the Day.
         Starting LXD - unix socket.
[[0;32m  OK  [0m] Started Daily Cleanup of Temporary Directories.
[[0;32m  OK  [0m] Started Daily apt upgrade and clean activities.
[[0;32m  OK  [0m] Reached target Timers.
[[0;32m  OK  [0m] Listening on Socket activation for snappy daemon.
[[0;32m  OK  [0m] Listening on LXD - unix socket.
[[0;32m  OK  [0m] Reached target Sockets.
[[0;32m  OK  [0m] Reached target Basic System.
[[0;32m  OK  [0m] Started ACPI event daemon.
[[0;32m  OK  [0m] Started FUSE filesystem for LXC.
         Starting Virtualbox guest utils...
         Starting Accounts Service...
[[0;32m  OK  [0m] Started Deferred execution scheduler.
[[0;32m  OK  [0m] Started Regular background program processing daemon.
[[0;32m  OK  [0m] Started High-performance, schema-free document-oriented database.
         Starting /etc/rc.local Compatibility...
         Starting Snappy daemon...
         Starting Login Service...
         Starting LSB: MD monitoring daemon...
[[0;32m  OK  [0m] Started D-Bus System Message Bus.
         Starting LSB: Record successful boot for GRUB...
         Starting LXD - container startup/shutdown...
         Starting System Logging Service...
         Starting OpenBSD Secure Shell server...
[[0;32m  OK  [0m] Started iSCSI initiator daemon (iscsid).
[[0;32m  OK  [0m] Started /etc/rc.local Compatibility.
[[0;32m  OK  [0m] Started Login Service.
[[0;32m  OK  [0m] Started Unattended Upgrades Shutdown.
         Starting Authenticate and Authorize Users to Run Privileged Tasks...
         Starting Login to default iSCSI targets...
[[0;32m  OK  [0m] Started System Logging Service.
[[0;32m  OK  [0m] Started LSB: MD monitoring daemon.
[[0;32m  OK  [0m] Started LSB: Record successful boot for GRUB.
[[0;32m  OK  [0m] Started Login to default iSCSI targets.
[[0;32m  OK  [0m] Reached target Remote File Systems (Pre).
[[0;32m  OK  [0m] Reached target Remote File Systems.
         Starting LSB: Set the CPU Frequency Scaling governor to "ondemand"...
         Starting LSB: daemon to balance interrupts for SMP systems...
         Starting Permit User Sessions...
         Starting LSB: automatic crash report generation...
[[0;32m  OK  [0m] Started Permit User Sessions.
[[0;32m  OK  [0m] Started Authenticate and Authorize Users to Run Privileged Tasks.
[[0;32m  OK  [0m] Started Accounts Service.
         Starting Terminate Plymouth Boot Screen...
         Starting Hold until boot process finishes up...
[[0;32m  OK  [0m] Started Terminate Plymouth Boot Screen.
[[0;32m  OK  [0m] Started Hold until boot process finishes up.
[[0;32m  OK  [0m] Started Serial Getty on ttyS0.
         Starting Set console scheme...
[[0;32m  OK  [0m] Started Getty on tty1.
[[0;32m  OK  [0m] Reached target Login Prompts.
[[0;32m  OK  [0m] Started OpenBSD Secure Shell server.
[[0;32m  OK  [0m] Started LSB: daemon to balance interrupts for SMP systems.
[[0;32m  OK  [0m] Started LSB: Set the CPU Frequency Scaling governor to "ondemand".
[[0;32m  OK  [0m] Started Virtualbox guest utils.
[[0;32m  OK  [0m] Started Set console scheme.
[[0;32m  OK  [0m] Started LSB: automatic crash report generation.
[[0;32m  OK  [0m] Started LXD - container startup/shutdown.
[[0;32m  OK  [0m] Started Snappy daemon.
         Starting Wait until snapd is fully seeded...
[[0;32m  OK  [0m] Started Wait until snapd is fully seeded.
[[0;32m  OK  [0m] Reached target Multi-User System.
[[0;32m  OK  [0m] Reached target Graphical Interface.
         Starting Update UTMP about System Runlevel Changes...
         Starting Apply the settings specified in cloud-config...
[[0;32m  OK  [0m] Started Update UTMP about System Runlevel Changes.
[[0;32m  OK  [0m] Created slice User Slice of vagrant.
         Starting User Manager for UID 1000...
[[0;32m  OK  [0m] Started Session 1 of user vagrant.
[[0;32m  OK  [0m] Started User Manager for UID 1000.

Ubuntu 16.04.6 LTS ubuntu-xenial ttyS0

ubuntu-xenial login: [   66.869366] cloud-init[1378]: Cloud-init v. 19.4-33-gbb4131a2-0ubuntu1~16.04.1 running 'modules:config' at Thu, 23 Apr 2020 11:34:45 +0000. Up 65.55 seconds.
[   73.578279] cloud-init[1469]: Cloud-init v. 19.4-33-gbb4131a2-0ubuntu1~16.04.1 running 'modules:final' at Thu, 23 Apr 2020 11:34:52 +0000. Up 72.21 seconds.
[   73.580268] cloud-init[1469]: Cloud-init v. 19.4-33-gbb4131a2-0ubuntu1~16.04.1 finished at Thu, 23 Apr 2020 11:34:53 +0000. Datasource DataSourceNoCloud [seed=/dev/sdb][dsmode=net].  Up 73.50 seconds
